// Jest Snapshot v1, https://goo.gl/fbAQLP

exports[`DefaultBreweriesContainer should match the snapshot with all data being passed correctly 1`] = `
<main
  className="default-page"
>
  <Link
    key="1516"
    to="/home/1516"
  >
    <Card
      city="Denver"
      id={1516}
      key="1516"
      name="Ratio Beerworks"
      phone="3012669264"
      state="Colorado"
      street="2920 Larimer St"
    />
  </Link>
</main>
`;
