// Jest Snapshot v1, https://goo.gl/fbAQLP

exports[`App should match the snapshot with the data passed through 1`] = `
<div>
  <Route
    exact={true}
    path="/"
    render={[Function]}
  />
  <Route
    exact={true}
    path="/state-search"
    render={[Function]}
  />
  <Route
    exact={true}
    path="/name-search"
    render={[Function]}
  />
  <Route
    exact={true}
    path="/map"
    render={[Function]}
  />
  <Route
    path="/state-search/:id"
    render={[Function]}
  />
  <Route
    path="/name-search/:id"
    render={[Function]}
  />
  <Route
    path="/home/:id"
    render={[Function]}
  />
</div>
`;
