// Jest Snapshot v1, https://goo.gl/fbAQLP

exports[`Card should match the snapshot with all data being passed correctly 1`] = `
<div
  className="card"
>
  <h2 />
  <p
    className="card-p"
  />
  <p
    className="card-p"
  />
  <p
    className="card-p"
  />
  <p
    className="card-p"
  />
</div>
`;
