// Jest Snapshot v1, https://goo.gl/fbAQLP

exports[`Card should match the snapshot with all data being passed correctly 1`] = `
<div
  className="card"
>
  <h1>
    Ratio Beerworks
  </h1>
  <p>
    2920 Larimer St
  </p>
  <p>
    Denver
  </p>
  <p>
    Colorado
  </p>
  <p>
    3012669264
  </p>
</div>
`;
