// Jest Snapshot v1, https://goo.gl/fbAQLP

exports[`StateSearchContainer should match the snapshot 1`] = `
<main
  className="state-main"
>
  <div
    className="state-input-container"
  >
    <input
      className="search"
      name="state"
      onChange={[Function]}
      placeholder="Search for a State..."
      type="text"
      value=""
    />
    <button
      className="search-button"
      onClick={[Function]}
    >
      Submit
    </button>
  </div>
  <div
    className="state-search-container"
  >
    <Connect(StateContainer) />
    <h4>
      ^ Search for Breweries by State ^
    </h4>
  </div>
</main>
`;
